// Jest Snapshot v1, https://goo.gl/fbAQLP

exports[`printAST should print the AST 1`] = `""`;
