// Jest Snapshot v1, https://goo.gl/fbAQLP

exports[`ResolverTypesGenerator generates resolver context types 1`] = `""`;
