// Jest Snapshot v1, https://goo.gl/fbAQLP

exports[`FieldResolver should create resolver code 1`] = `""`;
